[
 {
  "id": "/subscriptions/7bfb2c5c-7308-46ed-8ae4-fffa356eb406/resourceGroups/example-resources/providers/Microsoft.Network/networkSecurityGroups/acceptanceTestSecurityGroup2",
  "location": "westeurope",
  "name": "acceptanceTestSecurityGroup2",
  "resource_group_name": "example-resources",
  "security_rule": [],
  "tags": {},
  "timeouts": {}
 },
 {
  "id": "/subscriptions/7bfb2c5c-7308-46ed-8ae4-fffa356eb406/resourceGroups/example-resources/providers/Microsoft.Network/networkSecurityGroups/acceptanceTestSecurityGroup1",
  "location": "westeurope",
  "name": "acceptanceTestSecurityGroup1",
  "resource_group_name": "example-resources",
  "security_rule": [
   {
    "access": "Allow",
    "description": "",
    "destination_address_prefix": "*",
    "destination_address_prefixes": [],
    "destination_application_security_group_ids": [],
    "destination_port_range": "*",
    "destination_port_ranges": [],
    "direction": "Inbound",
    "name": "test123",
    "priority": 100,
    "protocol": "Tcp",
    "source_address_prefix": "*",
    "source_address_prefixes": [],
    "source_application_security_group_ids": [],
    "source_port_range": "*",
    "source_port_ranges": []
   }
  ],
  "tags": {
   "environment": "Production"
  },
  "timeouts": {}
 }
]