[
 {
  "Id": "MODULE-USER",
  "Type": "aws_iam_user",
  "Attrs": {
   "arn": "arn:aws:iam::929327065333:user/MODULE-USER",
   "id": "MODULE-USER",
   "name": "MODULE-USER",
   "path": "/",
   "unique_id": "AIDA5QYBVVD22N3IK6SAR"
  }
 },
 {
  "Id": "AKIA5QYBVVD2VIEMMUIQ",
  "Type": "aws_iam_access_key",
  "Attrs": {
   "id": "AKIA5QYBVVD2VIEMMUIQ",
   "status": "Active",
   "user": "MODULE-USER"
  }
 }
]