{
 "Typ": "WyJvYmplY3QiLHsiYXJuIjoic3RyaW5nIiwiZGVmYXVsdF9uZXR3b3JrX2FjbF9pZCI6InN0cmluZyIsImVncmVzcyI6WyJzZXQiLFsib2JqZWN0Iix7ImFjdGlvbiI6InN0cmluZyIsImNpZHJfYmxvY2siOiJzdHJpbmciLCJmcm9tX3BvcnQiOiJudW1iZXIiLCJpY21wX2NvZGUiOiJudW1iZXIiLCJpY21wX3R5cGUiOiJudW1iZXIiLCJpcHY2X2NpZHJfYmxvY2siOiJzdHJpbmciLCJwcm90b2NvbCI6InN0cmluZyIsInJ1bGVfbm8iOiJudW1iZXIiLCJ0b19wb3J0IjoibnVtYmVyIn1dXSwiaWQiOiJzdHJpbmciLCJpbmdyZXNzIjpbInNldCIsWyJvYmplY3QiLHsiYWN0aW9uIjoic3RyaW5nIiwiY2lkcl9ibG9jayI6InN0cmluZyIsImZyb21fcG9ydCI6Im51bWJlciIsImljbXBfY29kZSI6Im51bWJlciIsImljbXBfdHlwZSI6Im51bWJlciIsImlwdjZfY2lkcl9ibG9jayI6InN0cmluZyIsInByb3RvY29sIjoic3RyaW5nIiwicnVsZV9ubyI6Im51bWJlciIsInRvX3BvcnQiOiJudW1iZXIifV1dLCJvd25lcl9pZCI6InN0cmluZyIsInN1Ym5ldF9pZHMiOlsic2V0Iiwic3RyaW5nIl0sInRhZ3MiOlsibWFwIiwic3RyaW5nIl0sInZwY19pZCI6InN0cmluZyJ9XQ==",
 "Val": "eyJhcm4iOiJhcm46YXdzOmVjMjp1cy1lYXN0LTE6OTI5MzI3MDY1MzMzOm5ldHdvcmstYWNsL2FjbC1lODhlZTU5NSIsImRlZmF1bHRfbmV0d29ya19hY2xfaWQiOm51bGwsImVncmVzcyI6W3siYWN0aW9uIjoiYWxsb3ciLCJjaWRyX2Jsb2NrIjoiMC4wLjAuMC8wIiwiZnJvbV9wb3J0IjowLCJpY21wX2NvZGUiOjAsImljbXBfdHlwZSI6MCwiaXB2Nl9jaWRyX2Jsb2NrIjoiIiwicHJvdG9jb2wiOiIxNyIsInJ1bGVfbm8iOjEwMCwidG9fcG9ydCI6MH1dLCJpZCI6ImFjbC1lODhlZTU5NSIsImluZ3Jlc3MiOlt7ImFjdGlvbiI6ImFsbG93IiwiY2lkcl9ibG9jayI6IjE3Mi4zMS4wLjAvMTYiLCJmcm9tX3BvcnQiOjAsImljbXBfY29kZSI6MCwiaWNtcF90eXBlIjowLCJpcHY2X2NpZHJfYmxvY2siOiIiLCJwcm90b2NvbCI6IjYiLCJydWxlX25vIjoxMDAsInRvX3BvcnQiOjB9XSwib3duZXJfaWQiOiI5MjkzMjcwNjUzMzMiLCJzdWJuZXRfaWRzIjpbInN1Ym5ldC0wMDAwYWUwZSIsInN1Ym5ldC0xMTM4MDMyZiIsInN1Ym5ldC00NGZlMGM2NSIsInN1Ym5ldC02NWUxNjYyOCIsInN1Ym5ldC1hZDE3ZTNjYiIsInN1Ym5ldC1hZmE2NTZmMCJdLCJ0YWdzIjp7fSwidnBjX2lkIjoidnBjLTQxZDFkMTNiIn0=",
 "Err": null
}