[
 {
  "arn": "arn:aws:ec2:us-east-1:929327065333:network-acl/acl-e88ee595",
  "default_network_acl_id": null,
  "egress": [
   {
    "action": "allow",
    "cidr_block": "0.0.0.0/0",
    "from_port": 0,
    "icmp_code": 0,
    "icmp_type": 0,
    "ipv6_cidr_block": "",
    "protocol": "17",
    "rule_no": 100,
    "to_port": 0
   }
  ],
  "id": "acl-e88ee595",
  "ingress": [
   {
    "action": "allow",
    "cidr_block": "172.31.0.0/16",
    "from_port": 0,
    "icmp_code": 0,
    "icmp_type": 0,
    "ipv6_cidr_block": "",
    "protocol": "6",
    "rule_no": 100,
    "to_port": 0
   }
  ],
  "owner_id": "929327065333",
  "subnet_ids": [
    "subnet-0000ae0e",
    "subnet-1138032f",
    "subnet-44fe0c65",
    "subnet-65e16628",
    "subnet-ad17e3cb",
    "subnet-afa656f0"
  ],
  "tags": {},
  "vpc_id": "vpc-41d1d13b"
 }
]