[
 {
  "Id": "projects/cloudskiff-dev-elie/regions/us-central1/addresses/my-address",
  "Type": "google_compute_address",
  "Attrs": {
   "address": "34.136.69.225",
   "address_type": "EXTERNAL",
   "creation_timestamp": "2021-10-19T02:29:32.175-07:00",
   "description": "",
   "id": "projects/cloudskiff-dev-elie/regions/us-central1/addresses/my-address",
   "name": "my-address",
   "network": "",
   "network_tier": "PREMIUM",
   "prefix_length": 0,
   "project": "cloudskiff-dev-elie",
   "purpose": "",
   "region": "us-central1",
   "self_link": "https://www.googleapis.com/compute/v1/projects/cloudskiff-dev-elie/regions/us-central1/addresses/my-address",
   "subnetwork": ""
  }
 }
]