[
 {
  "Id": "4564046:driftctl-acceptance-tester",
  "Type": "github_team_membership",
  "Attrs": {
   "id": "4564046:driftctl-acceptance-tester",
   "role": "maintainer",
   "team_id": "4564046",
   "username": "driftctl-acceptance-tester"
  }
 },
 {
  "Id": "4564046:wbeuil",
  "Type": "github_team_membership",
  "Attrs": {
   "id": "4564046:wbeuil",
   "role": "member",
   "team_id": "4564046",
   "username": "wbeuil"
  }
 }
]