[
 {
  "id": "/roles/storage.admin/user:martin.guibert@cloudskiff.com",
  "member": "user:martin.guibert@cloudskiff.com",
  "project": "",
  "role": "roles/storage.admin"
 },
 {
  "id": "/roles/viewer/serviceAccount:driftctl@cloudskiff-dev-martin.iam.gserviceaccount.com",
  "member": "serviceAccount:driftctl@cloudskiff-dev-martin.iam.gserviceaccount.com",
  "project": "",
  "role": "roles/viewer"
 },
 {
  "id": "/roles/cloudasset.viewer/serviceAccount:driftctl@cloudskiff-dev-martin.iam.gserviceaccount.com",
  "member": "serviceAccount:driftctl@cloudskiff-dev-martin.iam.gserviceaccount.com",
  "project": "",
  "role": "roles/cloudasset.viewer"
 },
 {
  "id": "/roles/iam.securityReviewer/serviceAccount:driftctl@cloudskiff-dev-martin.iam.gserviceaccount.com",
  "member": "serviceAccount:driftctl@cloudskiff-dev-martin.iam.gserviceaccount.com",
  "project": "",
  "role": "roles/iam.securityReviewer"
 },
 {
  "id": "/roles/editor/serviceAccount:drifctl-admin@cloudskiff-dev-martin.iam.gserviceaccount.com",
  "member": "serviceAccount:drifctl-admin@cloudskiff-dev-martin.iam.gserviceaccount.com",
  "project": "",
  "role": "roles/editor"
 },
 {
  "id": "/roles/editor/user:martin.guibert@cloudskiff.com",
  "member": "user:martin.guibert@cloudskiff.com",
  "project": "",
  "role": "roles/editor"
 }
]