[
 {
  "Id": "private-repo",
  "Type": "github_repository",
  "Attrs": {
   "allow_merge_commit": true,
   "allow_rebase_merge": true,
   "allow_squash_merge": true,
   "archived": false,
   "default_branch": "main",
   "delete_branch_on_merge": false,
   "description": "this is a private repo",
   "full_name": "driftctl-test/private-repo",
   "git_clone_url": "git://github.com/driftctl-test/private-repo.git",
   "has_downloads": false,
   "has_issues": false,
   "has_projects": false,
   "has_wiki": false,
   "homepage_url": "",
   "html_url": "https://github.com/driftctl-test/private-repo",
   "http_clone_url": "https://github.com/driftctl-test/private-repo.git",
   "id": "private-repo",
   "is_template": false,
   "name": "private-repo",
   "node_id": "MDEwOlJlcG9zaXRvcnkzMzkwNzY5NjQ=",
   "private": true,
   "repo_id": 339076964,
   "ssh_clone_url": "git@github.com:driftctl-test/private-repo.git",
   "svn_url": "https://github.com/driftctl-test/private-repo",
   "visibility": "private",
   "vulnerability_alerts": false
  }
 },
 {
  "Id": "public-repo",
  "Type": "github_repository",
  "Attrs": {
   "allow_merge_commit": true,
   "allow_rebase_merge": true,
   "allow_squash_merge": true,
   "archived": false,
   "default_branch": "main",
   "delete_branch_on_merge": false,
   "description": "",
   "full_name": "driftctl-test/public-repo",
   "git_clone_url": "git://github.com/driftctl-test/public-repo.git",
   "has_downloads": false,
   "has_issues": false,
   "has_projects": false,
   "has_wiki": false,
   "homepage_url": "",
   "html_url": "https://github.com/driftctl-test/public-repo",
   "http_clone_url": "https://github.com/driftctl-test/public-repo.git",
   "id": "public-repo",
   "is_template": false,
   "name": "public-repo",
   "node_id": "MDEwOlJlcG9zaXRvcnkzMzkwNzY5Nzg=",
   "private": false,
   "repo_id": 339076978,
   "ssh_clone_url": "git@github.com:driftctl-test/public-repo.git",
   "svn_url": "https://github.com/driftctl-test/public-repo",
   "visibility": "public",
   "vulnerability_alerts": false
  }
 }
]