[
 {
  "Id": "lt-0ed993d09ce6afc67",
  "Type": "aws_launch_template",
  "Attrs": {
   "block_device_mappings": [
    {
     "device_name": "/dev/sda1",
     "ebs": [
      {
       "delete_on_termination": "",
       "encrypted": "",
       "iops": 0,
       "kms_key_id": "",
       "snapshot_id": "",
       "volume_size": 20,
       "volume_type": ""
      }
     ],
     "no_device": "",
     "virtual_name": ""
    }
   ],
   "capacity_reservation_specification": [
    {
     "capacity_reservation_preference": "open"
    }
   ],
   "cpu_options": [
    {
     "core_count": 4,
     "threads_per_core": 2
    }
   ],
   "credit_specification": [
    {
     "cpu_credits": "standard"
    }
   ],
   "default_version": 1,
   "description": "",
   "disable_api_termination": true,
   "ebs_optimized": "true",
   "id": "lt-0ed993d09ce6afc67",
   "image_id": "ami-000b3a073fc20e415",
   "instance_initiated_shutdown_behavior": "terminate",
   "instance_type": "",
   "kernel_id": "",
   "key_name": "",
   "latest_version": 1,
   "metadata_options": [
    {
     "http_endpoint": "enabled",
     "http_put_response_hop_limit": 1,
     "http_tokens": "required"
    }
   ],
   "monitoring": [
    {
     "enabled": true
    }
   ],
   "name": "test-template",
   "name_prefix": "",
   "network_interfaces": [
    {
     "associate_public_ip_address": "true",
     "delete_on_termination": "",
     "description": "",
     "device_index": 0,
     "ipv4_address_count": 0,
     "ipv6_address_count": 0,
     "network_interface_id": "",
     "private_ip_address": "",
     "subnet_id": ""
    }
   ],
   "placement": [
    {
     "affinity": "",
     "availability_zone": "us-west-2a",
     "group_name": "",
     "host_id": "",
     "partition_number": 0,
     "spread_domain": "",
     "tenancy": ""
    }
   ],
   "ram_disk_id": "",
   "tag_specifications": [
    {
     "resource_type": "instance",
     "tags": {
      "Name": "test"
     }
    }
   ],
   "user_data": ""
  }
 }
]